
> vite_react_shadcn_ts@0.0.0 build
> vite build

vite v5.4.21 building for production...
transforming...
✓ 2261 modules transformed.
rendering chunks...
computing gzip size...
dist/index.html                             2.20 kB │ gzip:   0.78 kB
dist/assets/design-PSueGUwA.jpg            65.17 kB
dist/assets/quality-CwxbPd1t.jpg          102.96 kB
dist/assets/heritage-BO2jRhy6.jpg         124.46 kB
dist/assets/hero-furniture-604Yi0AZ.jpg   132.84 kB
dist/assets/craftsmanship-DvK0Hfd6.jpg    138.41 kB
dist/assets/edakkattu-logo-B-HjCrqE.png   243.89 kB
dist/assets/teakacacia-logo-j_88JVO5.png  347.55 kB
dist/assets/index-CVrAJivq.css             83.88 kB │ gzip:  14.21 kB
dist/assets/index-CBUUIwZw.js             731.13 kB │ gzip: 213.11 kB

(!) Some chunks are larger than 500 kB after minification. Consider:
- Using dynamic import() to code-split the application
- Use build.rollupOptions.output.manualChunks to improve chunking: https://rollupjs.org/configuration-options/#output-manualchunks
- Adjust chunk size limit for this warning via build.chunkSizeWarningLimit.
✓ built in 24.44s
